307:procedure endofline;
341:  procedure error(ferrnr: integer);
352:  procedure insymbol;
361:    procedure nextch;
376:    procedure options;
558:  procedure enterid(fcp: ctp);
582:  procedure searchsection(fcp: ctp; var fcp1: ctp);
595:  procedure searchid(fidcls: setofids; var fcp: ctp);
635:  procedure getbounds(fsp: stp; var fmin,fmax: integer);
653:  function alignquot(fsp: stp): integer;
675:  procedure align(fsp: stp; var flc: addrrange);
683:  procedure printtables(fb: boolean);
687:    procedure marker;
691:      procedure markctp(fp: ctp); forward;
693:      procedure markstp(fp: stp);
714:      procedure markctp;
728:    procedure followctp(fp: ctp); forward;
730:    procedure followstp(fp: stp);
782:    procedure followctp;
854:  procedure genlabel(var nxtlab: integer);
859:  procedure block(fsys: setofsys; fsy: symbol; fprocp: ctp);
862:    procedure skip(fsys: setofsys);
871:    procedure constant(fsys: setofsys; var fsp: stp; var fvalu: valu);
941:    function equalbounds(fsp1,fsp2: stp): boolean;
953:    function comptypes(fsp1,fsp2: stp) : boolean;
1026:    function string(fsp: stp) : boolean;
1033:    procedure typ(fsys: setofsys; var fsp: stp; var fsize: addrrange);
1037:      procedure simpletype(fsys:setofsys; var fsp:stp; var fsize:addrrange);
1122:      procedure fieldlist(fsys: setofsys; var frecvar: stp);
1395:    procedure labeldeclaration;
1425:    procedure constdeclaration;
1448:    procedure typedeclaration;
1491:    procedure vardeclaration;
1536:    procedure procdeclaration(fsy: symbol);
1541:      procedure parameterlist(fsy: setofsys; var fpar: ctp);
1816:    procedure body(fsys: setofsys);
1833:      procedure mes(i: integer);
1837:      procedure putic;
1841:      procedure gen0(fop: oprange);
1847:      procedure gen1(fop: oprange; fp2: integer);
1876:      procedure gen2(fop: oprange; fp1,fp2: integer);
1912:      procedure gentypindicator(fsp: stp);
1933:      procedure gen0t(fop: oprange; fsp: stp);
1944:      procedure gen1t(fop: oprange; fp2: integer; fsp: stp);
1955:      procedure gen2t(fop: oprange; fp1,fp2: integer; fsp: stp);
1966:      procedure load;
2003:      procedure store(var fattr: attr);
2016:      procedure loadaddress;
2044:      procedure genfjp(faddr: integer);
2052:      procedure genujpxjp(fop: oprange; fp2: integer);
2060:      procedure gencupent(fop: oprange; fp1,fp2: integer);
2070:      procedure checkbnds(fsp: stp);
2084:      procedure putlabel(labname: integer);
2088:      procedure statement(fsys: setofsys);
3601:  procedure programme(fsys:setofsys);
3635:  procedure stdnames;
3652:  procedure enterstdtypes;
3680:  procedure entstdnames;
3775:  procedure enterundecl;
3809:  procedure initscalars;
3823:  procedure initsets;
3837:  procedure inittables;
3838:    procedure reswords;
3857:    procedure symbols;
3881:    procedure rators;
3893:    procedure procmnemonics;
3903:    procedure instrmnemonics;
3924:     procedure chartypes;
3962:    procedure initdx;
